../Core/Src/icm20948.c:36:6:accel_gyro_init_read	24	static
../Core/Src/icm20948.c:60:6:icm20948_init	8	static
../Core/Src/icm20948.c:85:6:ak09916_init	8	static
../Core/Src/icm20948.c:97:6:icm20948_gyro_read	16	static
../Core/Src/icm20948.c:106:6:icm20948_accel_read	16	static
../Core/Src/icm20948.c:117:6:ak09916_mag_read	24	static
../Core/Src/icm20948.c:137:6:icm20948_gyro_read_dps	8	static
../Core/Src/icm20948.c:146:6:icm20948_accel_read_g	8	static
../Core/Src/icm20948.c:155:6:ak09916_mag_read_uT	24	static
../Core/Src/icm20948.c:170:6:icm20948_who_am_i	16	static
../Core/Src/icm20948.c:180:6:ak09916_who_am_i	16	static
../Core/Src/icm20948.c:190:6:icm20948_device_reset	8	static
../Core/Src/icm20948.c:196:6:ak09916_soft_reset	8	static
../Core/Src/icm20948.c:202:6:icm20948_wakeup	16	static
../Core/Src/icm20948.c:211:6:icm20948_sleep	16	static
../Core/Src/icm20948.c:220:6:icm20948_spi_slave_enable	16	static
../Core/Src/icm20948.c:228:6:icm20948_i2c_master_reset	16	static
../Core/Src/icm20948.c:236:6:icm20948_i2c_master_enable	16	static
../Core/Src/icm20948.c:245:6:icm20948_i2c_master_clk_frq	24	static
../Core/Src/icm20948.c:253:6:icm20948_clock_source	24	static
../Core/Src/icm20948.c:261:6:icm20948_odr_align_enable	8	static
../Core/Src/icm20948.c:266:6:icm20948_gyro_low_pass_filter	24	static
../Core/Src/icm20948.c:274:6:icm20948_accel_low_pass_filter	24	static
../Core/Src/icm20948.c:282:6:icm20948_gyro_sample_rate_divider	16	static
../Core/Src/icm20948.c:287:6:icm20948_accel_sample_rate_divider	24	static
../Core/Src/icm20948.c:296:6:ak09916_operation_mode_setting	16	static
../Core/Src/icm20948.c:302:6:icm20948_gyro_calibration	48	static
../Core/Src/icm20948.c:335:6:icm20948_accel_calibration	72	static
../Core/Src/icm20948.c:393:6:icm20948_gyro_full_scale_select	24	static
../Core/Src/icm20948.c:420:6:icm20948_accel_full_scale_select	24	static
../Core/Src/icm20948.c:449:13:cs_high	8	static
../Core/Src/icm20948.c:454:13:cs_low	8	static
../Core/Src/icm20948.c:459:13:select_user_bank	24	static
../Core/Src/icm20948.c:470:16:read_single_icm20948_reg	24	static
../Core/Src/icm20948.c:484:13:write_single_icm20948_reg	24	static
../Core/Src/icm20948.c:497:17:read_multiple_icm20948_reg	24	static
../Core/Src/icm20948.c:511:13:write_multiple_icm20948_reg	24	static
../Core/Src/icm20948.c:522:16:read_single_ak09916_reg	16	static
../Core/Src/icm20948.c:532:13:write_single_ak09916_reg	16	static
../Core/Src/icm20948.c:540:17:read_multiple_ak09916_reg	16	static
